#width:16
#height:14
#upper:,,,,,,,,,,,,,,,,,,,,,,,,,,,,,,,,,,,,,,,,,,,,,,,,,,,,,,,,,,,,,,,,,,,,,,,,,,,,,,,,,,,,,,,,,,,,,,,,,,,,,,,,,,,,,,,,,,,,,,,,,,,,,,,,,,,,,,,,,,,,,,,,,,,,,,,,,,,,,,,,,,,,,,,,,,,,,,,,,,,,,,,,,,,,,,,,,,,,,,,,,,,,,,,,,,,,,,,,,,,,,,,
#lower:rockyMiddle,rockyBottom,rockyBottom,rockyBottom,rockyBottom,rockyBottom,rockyBottom,rockyBottom,rockyBottom,rockyBottom,rockyBottom,rockyBottom,rockyBottom,rockyBottom,rockyBottom,rockyMiddle,rockyRight,,,,,,,,,,,,,,,rockyLeft,rockyRight,,,,,,,,,,,,,,,rockyLeft,rockyRight,,,,,,,,,,,,,,,rockyLeft,rockyRight,,,,,,,,,,,,,,,rockyLeft,rockyRight,,,,,,,,,,,,,,,rockyLeft,rockyRight,,,,,,,,,,,,,,,rockyLeft,rockyRight,,,,,,,,,,,,,,,rockyLeft,rockyRight,,,,,,,,,,,,,,,rockyLeft,rockyRight,,,,,,,,,,,,,,,rockyLeft,rockyRight,,,,,,,,,,,,,,,rockyLeft,rockyRight,,,,,,,,,,,,,,,rockyLeft,rockyRight,,,,test1,,,,,,,,,cave,,rockyLeft,rockyMiddle,rockyTop,rockyTop,rockyTop,rockyTop,rockyTop,rockyTop,rockyTop,rockyTop,rockyTop,rockyTop,rockyTop,rockyTop,rockyTop,rockyTop,rockyMiddle
#view:side