#width:16
#height:14
#upper:,,,,,,,,,,,,,,,,,,,,,,,,,,,,,,,,,,,,,,,,,,,,,,,,,,,,,,,,,,,,,,,,,,,,,,,,,,,,,,,,,,,,,,,,,,,,,,,,,,,,,,,,,,,,,,,,,,,,,,,,,,,,,,,,,,,,,,,,,,,cave,,,,,,,,,,,,,,,,,,,,,,,,,,,,,,,,,,,,,,,,,,,,,,,,,,,,,,,,,,,,,,,,,,,,,,,,,,,,,,,,,,,,
#lower:,,,,,,,,,,,,,,,,,,,,,,,,rocks1,,,,,,,,,,,,,,,,rocks1,,,,,,,,,,,,,,,,rocks1,,,,,,,,,,,,,,,,rocks1,,,,,,,,,,rocks1,rocks1,rocks1,rocks1,rocks1,rocks1,rocks1,rocks1,rocks1,rocks1,rocks1,rocks1,,,,,rocks1,ground,ground,ground,ground,ground,ground,ground,ground,ground,ground,rocks1,,,,,rocks1,ground,ground,ground,ground,ground,ground,ground,ground,ground,ground,rocks1,,,,,rocks1,ground,ground,ground,ground,ground,ground,ground,ground,ground,ground,rocks1,,,,,rocks1,ground,ground,ground,ground,ground,ground,ground,ground,ground,ground,rocks1,,,,,rocks1,rocks1,rocks1,rocks1,rocks1,rocks1,rocks1,rocks1,rocks1,rocks1,rocks1,rocks1,,,,,rocks1,,,,,,rocks1,,,,,rocks1,,,,rocks1,,,,,,,rocks1,,,,,,rocks1,,rockyTop,rockyTop,rockyTop,rockyTop,rockyTop,rockyTop,rockyTop,rockyTop,rockyTop,rockyTop,rockyTop,rockyTop,rockyTop,rockyTop,rockyTop,rockyTop
#view:side
#doors:main|11|8|8|26