#width:16
#height:14
#upper:,,,,,,,,,,,,,,,,,,,,,,,,,,,,,,,,,,,,,,,,,,,,,,,,,,,,,,,,,,,,,,,,,,,,,,,,,,,,,,,,,,,,,,,,,,,,,,,,,,,,,,,,,,,,,,,,,,,,,,,,,,,,,,,,,,,,,,,,,,,,,,,,,,,,,,,,,,,,,,,,,,,,,,,,,,,,,,,,,,,,,,,,,,,,,,,,,,,,,,,,,,,,,,,,,,,,,,,,,,,,,,,
#lower:rockyMiddle,rockyBottom,rockyBottom,rockyBottom,rockyBottom,rockyBottom,rockyBottom,rockyBottom,rockyBottom,rockyBottom,rockyBottom,rockyBottom,rockyBottom,rockyBottom,rockyBottom,rockyMiddle,rockyRight,,,,,,,,,,rocks3,rocks3,rocks3,,,rockyLeft,rockyRight,,,,,,,,,,rocks3,rocks3,rocks3,,,rockyLeft,rockyRight,,,,,,,,,rocks3,rocks3,rocks3,rocks3,rocks3,,rockyLeft,rockyRight,,,,,,,,,,rocks3,rocks3,rocks3,,,rockyLeft,rockyRight,,,,,,,,,,,rocks3,,,,rockyLeft,rockyRight,,,,,,,,,,,,,,,rockyLeft,rockyRight,,,,,,,,,,,,,,,rockyLeft,rockyRight,,,,,,,,,,,,,,,rockyLeft,rockyRight,,,,,,,,,,,,,,,rockyLeft,rockyRight,,,,,,,,,,,test2,,,,rockyLeft,rockyRight,,cave,,,,,,,,rockypassTopL,rockypassTop,rockypassTopR,,,rockyLeft,rockyRight,,cave2,,,,,,,,rockypassLeft,rockypassMiddle,rockypassRight,,,rockyLeft,rockyMiddle,rockyTop,rockyTop,rockyTop,rockyTop,rockyTop,rockyTop,rockyTop,rockyTop,rockyTop,rockyTop,rockyTop,rockyTop,rockyTop,rockyTop,rockyLeft
#view:side
#doors:grav_descent|2|11|28|54
#doorswaps:gravity|grav_descent|grav_ascent