#width:16
#height:14
#upper:rockyMiddle,rockyMiddle,rockyMiddle,rockyMiddle,rockyMiddle,rockyMiddle,rockyMiddle,rockyMiddle,rockyMiddle,rockyMiddle,rockyMiddle,rockyMiddle,rockyMiddle,rockyMiddle,rockyMiddle,rockyMiddle,,rockyBottom,rockyBottom,,rockyBottom,,rockyBottom,rockyBottom,rockyMiddle,rockyBottom,rockyMiddle,rockyBottom,rockyBottom,rockyMiddle,rockyMiddle,rockyMiddle,,,,stalactitetip,,stalactites,,,stalactitebase,,stalactites,,,stalactitebase,stalactites,rockyLeft,,,,,,,,,stalactitetip,,,,,stalactitetip,,rockyLeft,,,,,,,,,,,,,,,,rockyLeft,,,,,,,,,,,,,,,,rockyLeft,,gems4,,,,,,,,,,,,,,rockyLeft,rockyRight,,,,,,,,,,,,,,,rockyLeft,rockyRight,,,,carnelianore,,,,,,,,,,,rockyLeft,rockyRight,sapphireore,lavarock1,,,,gems1,,,,,,,,,rockyLeft,,,,,,,vtop1,,,,,vco,,,,,,,gems3,lavarock2,lavarock3,,,,,,,,,,,rockyLeft,,,rockyTopL,rockyTop,rockyTopR,,,,,,,,,,,,,,rockyLeft,,rockyRight,,,,,,,,,,,
#lower:,,,,,,,,,,,,,,,,rockyMiddle,,,rockyMiddle,,rockyMiddle,,,,,,,,,,,rockyRight,,,,,,,,,,,,,,,,rockyRight,,,,,,,,,,,,,,,,rockyRight,,,,,,,,,,,,,,,,rockyRight,,cave,,,,,,,,,,,,,,rockyRight,,cave2,,,,,,,,,,,,,,rockypassTop,rockypassTop,rockypassTop,rockypassTop,rockypassTop,rockypassTopR,,,,,,,,,,,rockypassMiddle,rockypassMiddle,rockypassMiddle,rockypassMiddle,rockypassMiddle,rockypassRight,,,,,,,,,,,rockypassMiddle,rockypassMiddle,rockypassMiddle,rockypassMiddle,rockypassMiddle,rockypassRight,,,,,,,,,,,rockyMiddle,rockyTop,rockyTop,rockyTop,rockyTop,rockyTop,rockyTop,rockyTop,midsingh,midsingh,midsingh,midsingh,midsingh,midsingh,midsingh,rockyMiddle,rockyMiddle,rockyMiddle,rockyMiddle,rockyMiddle,rockyMiddle,rockyMiddle,rockyMiddle,rockyRight,,,,,,,,,rockyMiddle,rockyMiddle,rockyMiddle,rockyMiddle,rockyMiddle,rockyMiddle,rockyMiddle,rockyRight,,,,,,,,rockyLeft,rockyMiddle,rockyMiddle,rockyMiddle,rockyMiddle,rockyMiddle,rockyMiddle,rockyMiddle,rockyRight,,,,,,,,rockyLeft
#view:side
#doors:volcano_2_lower_descent|2|5|28|54
#doorswaps:lavaB|volcano_2_lower_descent|volcano_2_lower_ascent